[debug] [2025-01-19T21:49:32.944Z] ----------------------------------------------------------------------
[debug] [2025-01-19T21:49:32.946Z] Command:       /snap/node/9577/bin/node /usr/local/bin/firebase init
[debug] [2025-01-19T21:49:32.947Z] CLI Version:   13.29.1
[debug] [2025-01-19T21:49:32.947Z] Platform:      linux
[debug] [2025-01-19T21:49:32.947Z] Node Version:  v22.13.0
[debug] [2025-01-19T21:49:32.947Z] Time:          Sun Jan 19 2025 21:49:32 GMT+0000 (Greenwich Mean Time)
[debug] [2025-01-19T21:49:32.947Z] ----------------------------------------------------------------------
[debug] 
[debug] [2025-01-19T21:49:33.007Z] > command requires scopes: ["email","openid","https://www.googleapis.com/auth/cloudplatformprojects.readonly","https://www.googleapis.com/auth/firebase","https://www.googleapis.com/auth/cloud-platform"]
[debug] [2025-01-19T21:49:33.008Z] > authorizing via signed-in user (wilsonwillieman79@gmail.com)
[info] 
     ######## #### ########  ######## ########     ###     ######  ########
     ##        ##  ##     ## ##       ##     ##  ##   ##  ##       ##
     ######    ##  ########  ######   ########  #########  ######  ######
     ##        ##  ##    ##  ##       ##     ## ##     ##       ## ##
     ##       #### ##     ## ######## ########  ##     ##  ######  ########

You're about to initialize a Firebase project in this directory:

  /home/willie/Documents/angular_projects/angular-inventory-project

Before we get started, keep in mind:

  * You are initializing within an existing Firebase project directory

[info] 
=== Project Setup
[info] 
[info] First, let's associate this project directory with a Firebase project.
[info] You can create multiple project aliases by running firebase use --add, 
[info] but for now we'll just set up a default project.
[info] 
[debug] [2025-01-19T21:49:56.038Z] Checked if tokens are valid: false, expires at: 1646443920292
[debug] [2025-01-19T21:49:56.039Z] Checked if tokens are valid: false, expires at: 1646443920292
[debug] [2025-01-19T21:49:56.039Z] > refreshing access token with scopes: []
[debug] [2025-01-19T21:49:56.041Z] >>> [apiv2][query] POST https://www.googleapis.com/oauth2/v3/token [none]
[debug] [2025-01-19T21:49:56.041Z] >>> [apiv2][body] POST https://www.googleapis.com/oauth2/v3/token [omitted]
[debug] [2025-01-19T21:49:56.806Z] <<< [apiv2][status] POST https://www.googleapis.com/oauth2/v3/token 400
[debug] [2025-01-19T21:49:56.806Z] <<< [apiv2][body] POST https://www.googleapis.com/oauth2/v3/token [omitted]
[debug] [2025-01-19T21:49:56.807Z] >>> [apiv2][query] GET https://firebase.googleapis.com/v1beta1/projects pageSize=100
[debug] [2025-01-19T21:49:57.477Z] <<< [apiv2][status] GET https://firebase.googleapis.com/v1beta1/projects 401
[debug] [2025-01-19T21:49:57.477Z] <<< [apiv2][body] GET https://firebase.googleapis.com/v1beta1/projects [omitted]
[debug] [2025-01-19T21:49:57.477Z] Got a 401 Unauthenticated error for a call that required authentication. Refreshing tokens.
[debug] [2025-01-19T21:49:57.477Z] Checked if tokens are valid: false, expires at: 1646443920292
[debug] [2025-01-19T21:49:57.477Z] Checked if tokens are valid: false, expires at: 1646443920292
[debug] [2025-01-19T21:49:57.477Z] > refreshing access token with scopes: []
[debug] [2025-01-19T21:49:57.478Z] >>> [apiv2][query] POST https://www.googleapis.com/oauth2/v3/token [none]
[debug] [2025-01-19T21:49:57.478Z] >>> [apiv2][body] POST https://www.googleapis.com/oauth2/v3/token [omitted]
[debug] [2025-01-19T21:49:57.681Z] <<< [apiv2][status] POST https://www.googleapis.com/oauth2/v3/token 400
[debug] [2025-01-19T21:49:57.681Z] <<< [apiv2][body] POST https://www.googleapis.com/oauth2/v3/token [omitted]
[debug] [2025-01-19T21:49:57.682Z] Request to https://firebase.googleapis.com/v1beta1/projects?pageSize=100 had HTTP Error: 401, Request had invalid authentication credentials. Expected OAuth 2 access token, login cookie or other valid authentication credential. See https://developers.google.com/identity/sign-in/web/devconsole-project.
[debug] [2025-01-19T21:49:58.225Z] FirebaseError: Request to https://firebase.googleapis.com/v1beta1/projects?pageSize=100 had HTTP Error: 401, Request had invalid authentication credentials. Expected OAuth 2 access token, login cookie or other valid authentication credential. See https://developers.google.com/identity/sign-in/web/devconsole-project.
    at responseToError (/usr/local/lib/node_modules/firebase-tools/lib/responseToError.js:52:12)
    at RetryOperation._fn (/usr/local/lib/node_modules/firebase-tools/lib/apiv2.js:312:77)
    at process.processTicksAndRejections (node:internal/process/task_queues:105:5)
[error] 
[error] Error: Failed to list Firebase projects. See firebase-debug.log for more info.
[debug] [2025-01-19T21:50:58.396Z] ----------------------------------------------------------------------
[debug] [2025-01-19T21:50:58.398Z] Command:       /snap/node/9577/bin/node /usr/local/bin/firebase init
[debug] [2025-01-19T21:50:58.398Z] CLI Version:   13.29.1
[debug] [2025-01-19T21:50:58.399Z] Platform:      linux
[debug] [2025-01-19T21:50:58.399Z] Node Version:  v22.13.0
[debug] [2025-01-19T21:50:58.399Z] Time:          Sun Jan 19 2025 21:50:58 GMT+0000 (Greenwich Mean Time)
[debug] [2025-01-19T21:50:58.399Z] ----------------------------------------------------------------------
[debug] 
[debug] [2025-01-19T21:50:58.459Z] > command requires scopes: ["email","openid","https://www.googleapis.com/auth/cloudplatformprojects.readonly","https://www.googleapis.com/auth/firebase","https://www.googleapis.com/auth/cloud-platform"]
[debug] [2025-01-19T21:50:58.460Z] > authorizing via signed-in user (wilsonwillieman79@gmail.com)
[info] 
     ######## #### ########  ######## ########     ###     ######  ########
     ##        ##  ##     ## ##       ##     ##  ##   ##  ##       ##
     ######    ##  ########  ######   ########  #########  ######  ######
     ##        ##  ##    ##  ##       ##     ## ##     ##       ## ##
     ##       #### ##     ## ######## ########  ##     ##  ######  ########

You're about to initialize a Firebase project in this directory:

  /home/willie/Documents/angular_projects/angular-inventory-project

Before we get started, keep in mind:

  * You are initializing within an existing Firebase project directory

[info] 
=== Project Setup
[info] 
[info] First, let's associate this project directory with a Firebase project.
[info] You can create multiple project aliases by running firebase use --add, 
[info] but for now we'll just set up a default project.
[info] 
[info] i  If you want to create a project in a Google Cloud organization or folder, please use "firebase projects:create" instead, and return to this command when you've created the project. 
[debug] [2025-01-19T21:51:23.737Z] Checked if tokens are valid: false, expires at: 1646443920292
[debug] [2025-01-19T21:51:23.738Z] Checked if tokens are valid: false, expires at: 1646443920292
[debug] [2025-01-19T21:51:23.738Z] > refreshing access token with scopes: []
[debug] [2025-01-19T21:51:23.741Z] >>> [apiv2][query] POST https://www.googleapis.com/oauth2/v3/token [none]
[debug] [2025-01-19T21:51:23.741Z] >>> [apiv2][body] POST https://www.googleapis.com/oauth2/v3/token [omitted]
[debug] [2025-01-19T21:51:24.532Z] <<< [apiv2][status] POST https://www.googleapis.com/oauth2/v3/token 400
[debug] [2025-01-19T21:51:24.532Z] <<< [apiv2][body] POST https://www.googleapis.com/oauth2/v3/token [omitted]
[debug] [2025-01-19T21:51:24.533Z] >>> [apiv2][query] POST https://cloudresourcemanager.googleapis.com/v1/projects [none]
[debug] [2025-01-19T21:51:24.533Z] >>> [apiv2][body] POST https://cloudresourcemanager.googleapis.com/v1/projects {"projectId":"inventory-manage","name":"inventory-manage"}
[debug] [2025-01-19T21:51:25.777Z] <<< [apiv2][status] POST https://cloudresourcemanager.googleapis.com/v1/projects 401
[debug] [2025-01-19T21:51:25.778Z] <<< [apiv2][body] POST https://cloudresourcemanager.googleapis.com/v1/projects {"error":{"code":401,"message":"Request had invalid authentication credentials. Expected OAuth 2 access token, login cookie or other valid authentication credential. See https://developers.google.com/identity/sign-in/web/devconsole-project.","status":"UNAUTHENTICATED","details":[{"@type":"type.googleapis.com/google.rpc.ErrorInfo","reason":"ACCESS_TOKEN_TYPE_UNSUPPORTED","metadata":{"method":"google.cloudresourcemanager.v1.Projects.CreateProject","service":"cloudresourcemanager.googleapis.com"}}]}}
[debug] [2025-01-19T21:51:25.778Z] Got a 401 Unauthenticated error for a call that required authentication. Refreshing tokens.
[debug] [2025-01-19T21:51:25.778Z] Checked if tokens are valid: false, expires at: 1646443920292
[debug] [2025-01-19T21:51:25.778Z] Checked if tokens are valid: false, expires at: 1646443920292
[debug] [2025-01-19T21:51:25.778Z] > refreshing access token with scopes: []
[debug] [2025-01-19T21:51:25.778Z] >>> [apiv2][query] POST https://www.googleapis.com/oauth2/v3/token [none]
[debug] [2025-01-19T21:51:25.779Z] >>> [apiv2][body] POST https://www.googleapis.com/oauth2/v3/token [omitted]
[debug] [2025-01-19T21:51:25.973Z] <<< [apiv2][status] POST https://www.googleapis.com/oauth2/v3/token 400
[debug] [2025-01-19T21:51:25.973Z] <<< [apiv2][body] POST https://www.googleapis.com/oauth2/v3/token [omitted]
[debug] [2025-01-19T21:51:26.391Z] FirebaseError: Request to https://cloudresourcemanager.googleapis.com/v1/projects had HTTP Error: 401, Request had invalid authentication credentials. Expected OAuth 2 access token, login cookie or other valid authentication credential. See https://developers.google.com/identity/sign-in/web/devconsole-project.
    at responseToError (/usr/local/lib/node_modules/firebase-tools/lib/responseToError.js:52:12)
    at RetryOperation._fn (/usr/local/lib/node_modules/firebase-tools/lib/apiv2.js:312:77)
    at process.processTicksAndRejections (node:internal/process/task_queues:105:5)
[error] 
[error] Error: Failed to create project. See firebase-debug.log for more info.
